
=== DSM: 60 winning games ===
  loaded 1/60 ep=111652959 key=FARMERS_MARKET
  loaded 2/60 ep=111645359 key=SMOOTHIE_SHOP
  loaded 3/60 ep=111638537 key=ICE_CREAM_SHOP
  loaded 4/60 ep=111631683 key=BRUNCH_SPOT
  loaded 5/60 ep=111624998 key=PIZZA_SHOP
  loaded 6/60 ep=111618294 key=FARMERS_MARKET
  loaded 7/60 ep=111618250 key=YARN_STORE
  loaded 8/60 ep=111611608 key=ICE_CREAM_SHOP
  loaded 9/60 ep=111605012 key=PIZZA_SHOP
  loaded 10/60 ep=111603805 key=YARN_STORE
  loaded 11/60 ep=111597204 key=PIZZA_SHOP
  loaded 12/60 ep=111590647 key=PET_CAFE
  loaded 13/60 ep=111583977 key=FARMERS_MARKET
  loaded 14/60 ep=111578434 key=PIZZA_SHOP
  loaded 15/60 ep=111577256 key=YARN_STORE
  loaded 16/60 ep=111570578 key=ICE_CREAM_SHOP
  loaded 17/60 ep=111563933 key=ICE_CREAM_SHOP
  loaded 18/60 ep=111557260 key=PET_CAFE
  loaded 19/60 ep=111550040 key=BAKERY
  loaded 20/60 ep=111550540 key=SMOOTHIE_SHOP
  loaded 21/60 ep=111547146 key=FARMERS_MARKET
  loaded 22/60 ep=111540496 key=SMOOTHIE_SHOP
  loaded 23/60 ep=111533747 key=PET_CAFE
  loaded 24/60 ep=111527147 key=SMOOTHIE_SHOP
  loaded 25/60 ep=111523636 key=YARN_STORE
  loaded 26/60 ep=111516989 key=ICE_CREAM_SHOP
  loaded 27/60 ep=111510335 key=BRUNCH_SPOT
  loaded 28/60 ep=111509074 key=YARN_STORE
  loaded 29/60 ep=111507281 key=SMOOTHIE_SHOP
  loaded 30/60 ep=111507915 key=BAKERY
  loaded 31/60 ep=111505677 key=BAKERY
  loaded 32/60 ep=111506844 key=PET_CAFE
  loaded 33/60 ep=111504553 key=BAKERY
  loaded 34/60 ep=111503420 key=ICE_CREAM_SHOP
  loaded 35/60 ep=111502298 key=PIZZA_SHOP
  loaded 36/60 ep=111501166 key=BAKERY
  loaded 37/60 ep=111500309 key=ICE_CREAM_SHOP
  loaded 38/60 ep=111500046 key=SMOOTHIE_SHOP
  loaded 39/60 ep=111498931 key=PIZZA_SHOP
  loaded 40/60 ep=111497817 key=BAKERY
  loaded 41/60 ep=111496707 key=PIZZA_SHOP
  loaded 42/60 ep=111495581 key=PET_CAFE
  loaded 43/60 ep=111494462 key=YARN_STORE
  loaded 44/60 ep=111493341 key=ICE_CREAM_SHOP
  loaded 45/60 ep=111492235 key=YARN_STORE
  loaded 46/60 ep=111491109 key=BAKERY
  loaded 47/60 ep=111489998 key=PIZZA_SHOP
  loaded 48/60 ep=111488887 key=PIZZA_SHOP
  loaded 49/60 ep=111487763 key=FARMERS_MARKET
  loaded 50/60 ep=111486537 key=PIZZA_SHOP
  loaded 51/60 ep=111485544 key=YARN_STORE
  loaded 52/60 ep=111483312 key=PET_CAFE
  loaded 53/60 ep=111484412 key=YARN_STORE
  loaded 54/60 ep=111482201 key=ICE_CREAM_SHOP
  loaded 55/60 ep=111481086 key=PIZZA_SHOP
  loaded 56/60 ep=111480260 key=ICE_CREAM_SHOP
  loaded 57/60 ep=111479960 key=ICE_CREAM_SHOP
  loaded 58/60 ep=111478936 key=PET_CAFE
  loaded 59/60 ep=111477745 key=FARMERS_MARKET
  loaded 60/60 ep=111476631 key=BAKERY
opening cluster sizes: [('ICE_CREAM_SHOP', 11), ('PIZZA_SHOP', 11), ('YARN_STORE', 9), ('BAKERY', 8), ('PET_CAFE', 7), ('FARMERS_MARKET', 6), ('SMOOTHIE_SHOP', 6), ('BRUNCH_SPOT', 2)]
  key='OPENING' n=60 medoid_episode=111583977 seed=1855122364
  key='FARMERS_MARKET' n=6 medoid_episode=111583977 seed=1855122364
  key='SMOOTHIE_SHOP' n=6 medoid_episode=111540496 seed=360856383
  key='ICE_CREAM_SHOP' n=11 medoid_episode=111570578 seed=706654605
  key='BRUNCH_SPOT' n=2 medoid_episode=111631683 seed=695429000
  key='PIZZA_SHOP' n=11 medoid_episode=111498931 seed=906374572
  key='YARN_STORE' n=9 medoid_episode=111485544 seed=1574470017
  key='PET_CAFE' n=7 medoid_episode=111506844 seed=1207825311
  key='BAKERY' n=8 medoid_episode=111504553 seed=868367521
wrote /Users/stephanengugi/KagricultureLocalData/reconstructions/dsm_routes.json

=== Unknown Mother-Goose: 46 winning games ===
  loaded 1/46 ep=111653131 key=FARMERS_MARKET
  loaded 2/46 ep=111646154 key=PET_CAFE
  loaded 3/46 ep=111638540 key=ICE_CREAM_SHOP
  loaded 4/46 ep=111625006 key=PIZZA_SHOP
  loaded 5/46 ep=111618297 key=BAKERY
  loaded 6/46 ep=111610427 key=BRUNCH_SPOT
  loaded 7/46 ep=111608299 key=SMOOTHIE_SHOP
  loaded 8/46 ep=111601790 key=PIZZA_SHOP
  loaded 9/46 ep=111595014 key=SMOOTHIE_SHOP
  loaded 10/46 ep=111581730 key=YARN_STORE
  loaded 11/46 ep=111574975 key=SMOOTHIE_SHOP
  loaded 12/46 ep=111568309 key=BRUNCH_SPOT
  loaded 13/46 ep=111561615 key=YARN_STORE
  loaded 14/46 ep=111554830 key=ICE_CREAM_SHOP
  loaded 15/46 ep=111544888 key=PIZZA_SHOP
  loaded 16/46 ep=111540497 key=SMOOTHIE_SHOP
  loaded 17/46 ep=111532579 key=BAKERY
  loaded 18/46 ep=111525924 key=PET_CAFE
  loaded 19/46 ep=111523635 key=ICE_CREAM_SHOP
  loaded 20/46 ep=111521455 key=ICE_CREAM_SHOP
  loaded 21/46 ep=111508289 key=SMOOTHIE_SHOP
  loaded 22/46 ep=111508298 key=SMOOTHIE_SHOP
  loaded 23/46 ep=111502453 key=BRUNCH_SPOT
  loaded 24/46 ep=111500318 key=BRUNCH_SPOT
  loaded 25/46 ep=111500320 key=SMOOTHIE_SHOP
  loaded 26/46 ep=111500477 key=SMOOTHIE_SHOP
  loaded 27/46 ep=111493974 key=PIZZA_SHOP
  loaded 28/46 ep=111488362 key=ICE_CREAM_SHOP
  loaded 29/46 ep=111482562 key=SMOOTHIE_SHOP
  loaded 30/46 ep=111479483 key=PET_CAFE
  loaded 31/46 ep=111476063 key=FARMERS_MARKET
  loaded 32/46 ep=111476071 key=PIZZA_SHOP
  loaded 33/46 ep=111469280 key=BAKERY
  loaded 34/46 ep=111462700 key=YARN_STORE
  loaded 35/46 ep=111457276 key=ICE_CREAM_SHOP
  loaded 36/46 ep=111457297 key=BAKERY
  loaded 37/46 ep=111451677 key=ICE_CREAM_SHOP
  loaded 38/46 ep=111451675 key=YARN_STORE
  loaded 39/46 ep=111450521 key=ICE_CREAM_SHOP
  loaded 40/46 ep=111444978 key=PIZZA_SHOP
  loaded 41/46 ep=111439478 key=PIZZA_SHOP
  loaded 42/46 ep=111434059 key=YARN_STORE
  loaded 43/46 ep=111429218 key=FARMERS_MARKET
  loaded 44/46 ep=111423781 key=YARN_STORE
  loaded 45/46 ep=111419538 key=BAKERY
  loaded 46/46 ep=111414746 key=BRUNCH_SPOT
opening cluster sizes: [('SMOOTHIE_SHOP', 9), ('ICE_CREAM_SHOP', 8), ('PIZZA_SHOP', 7), ('YARN_STORE', 6), ('BAKERY', 5), ('BRUNCH_SPOT', 5), ('FARMERS_MARKET', 3), ('PET_CAFE', 3)]
  key='OPENING' n=46 medoid_episode=111429218 seed=663949447
  key='FARMERS_MARKET' n=3 medoid_episode=111429218 seed=663949447
  key='PET_CAFE' n=3 medoid_episode=111479483 seed=1587692590
  key='ICE_CREAM_SHOP' n=8 medoid_episode=111488362 seed=765063717
  key='PIZZA_SHOP' n=7 medoid_episode=111493974 seed=1678719897
  key='BAKERY' n=5 medoid_episode=111457297 seed=922273241
  key='BRUNCH_SPOT' n=5 medoid_episode=111568309 seed=277926268
  key='SMOOTHIE_SHOP' n=9 medoid_episode=111574975 seed=1408718781
  key='YARN_STORE' n=6 medoid_episode=111581730 seed=1322410667
wrote /Users/stephanengugi/KagricultureLocalData/reconstructions/goose_routes.json
