10/140 games
20/140 games
30/140 games
40/140 games
50/140 games
60/140 games
70/140 games
80/140 games
90/140 games
100/140 games
110/140 games
120/140 games
130/140 games
140/140 games

candidate vs opponent: W-L-T (mean margin)
          hf vs farm2945     19-1-0  points 0.950  mean +2661
          hf vs fieldcraft   16-4-0  points 0.800  mean +2153
          hf vs hsv3         16-4-0  points 0.800  mean +406
          hf vs k0013        19-1-0  points 0.950  mean +4607
          hf vs v57          16-4-0  points 0.800  mean +897
          hf vs w0           17-3-0  points 0.850  mean +1145
          hf vs w3           16-4-0  points 0.800  mean +257
