10/640 games
20/640 games
30/640 games
40/640 games
50/640 games
60/640 games
70/640 games
80/640 games
90/640 games
100/640 games
110/640 games
120/640 games
130/640 games
140/640 games
150/640 games
160/640 games
170/640 games
180/640 games
190/640 games
200/640 games
210/640 games
220/640 games
230/640 games
240/640 games
250/640 games
260/640 games
270/640 games
280/640 games
290/640 games
300/640 games
310/640 games
320/640 games
330/640 games
340/640 games
350/640 games
360/640 games
370/640 games
380/640 games
390/640 games
400/640 games
410/640 games
420/640 games
430/640 games
440/640 games
450/640 games
460/640 games
470/640 games
480/640 games
490/640 games
500/640 games
510/640 games
520/640 games
530/640 games
540/640 games
550/640 games
560/640 games
570/640 games
580/640 games
590/640 games
600/640 games
610/640 games
620/640 games
630/640 games
640/640 games

candidate vs opponent: W-L-T (mean margin)
          w3 vs farm2945     38-2-0  points 0.950  mean +1691
          w3 vs fieldcraft   36-4-0  points 0.900  mean +2239
          w3 vs hsv3         35-3-2  points 0.900  mean +426
          w3 vs k0013        38-2-0  points 0.950  mean +4153
          w3 vs v57          38-2-0  points 0.950  mean +1133
          w3 vs w0           30-10-0  points 0.750  mean +635
          w3 vs w1           32-8-0  points 0.800  mean +638
          w3 vs w3           1-1-38  points 0.500  mean +0
          w4 vs farm2945     38-2-0  points 0.950  mean +1758
          w4 vs fieldcraft   36-4-0  points 0.900  mean +2097
          w4 vs hsv3         38-2-0  points 0.950  mean +801
          w4 vs k0013        38-2-0  points 0.950  mean +4088
          w4 vs v57          36-4-0  points 0.900  mean +710
          w4 vs w0           30-10-0  points 0.750  mean +485
          w4 vs w1           28-12-0  points 0.700  mean +383
          w4 vs w3           38-2-0  points 0.950  mean +623
