900 0 64405.0 74216.0 -9811 ['DONE', 'DONE']
900 1 64405.0 74216.0 -9811 ['DONE', 'DONE']
901 0 118842.0 142034.0 -23192 ['DONE', 'DONE']
901 1 118842.0 142034.0 -23192 ['DONE', 'DONE']
902 0 134899.0 142209.0 -7310 ['DONE', 'DONE']
902 1 134899.0 142209.0 -7310 ['DONE', 'DONE']
903 0 113017.0 109864.0 3153 ['DONE', 'DONE']
903 1 117785.0 121559.0 -3774 ['DONE', 'DONE']
904 0 123055.0 144561.0 -21506 ['DONE', 'DONE']
904 1 123055.0 144561.0 -21506 ['DONE', 'DONE']
905 0 123338.0 138813.0 -15475 ['DONE', 'DONE']
905 1 123268.0 138781.0 -15513 ['DONE', 'DONE']
906 0 80129.0 97890.0 -17761 ['DONE', 'DONE']
906 1 80129.0 97890.0 -17761 ['DONE', 'DONE']
907 0 72603.0 85366.0 -12763 ['DONE', 'DONE']
907 1 72603.0 85366.0 -12763 ['DONE', 'DONE']
908 0 85235.0 107915.0 -22680 ['DONE', 'DONE']
908 1 85235.0 107915.0 -22680 ['DONE', 'DONE']
909 0 58494.0 68082.0 -9588 ['DONE', 'DONE']
909 1 58494.0 68082.0 -9588 ['DONE', 'DONE']
910 0 151328.0 169775.0 -18447 ['DONE', 'DONE']
910 1 151328.0 169775.0 -18447 ['DONE', 'DONE']
911 0 130371.0 150969.0 -20598 ['DONE', 'DONE']
911 1 130371.0 150969.0 -20598 ['DONE', 'DONE']
912 0 73510.0 88765.0 -15255 ['DONE', 'DONE']
912 1 73510.0 88765.0 -15255 ['DONE', 'DONE']
913 0 82030.0 102624.0 -20594 ['DONE', 'DONE']
913 1 82030.0 102624.0 -20594 ['DONE', 'DONE']
914 0 120302.0 140403.0 -20101 ['DONE', 'DONE']
914 1 125365.0 147318.0 -21953 ['DONE', 'DONE']
915 0 76907.0 93486.0 -16579 ['DONE', 'DONE']
915 1 76811.0 93497.0 -16686 ['DONE', 'DONE']
W-L-T 1-31-0 mean margin -15811 n=32
