900 0 55100.0 81696.0 -26596 ['DONE', 'DONE']
900 1 55100.0 81696.0 -26596 ['DONE', 'DONE']
901 0 91844.0 134549.0 -42705 ['DONE', 'DONE']
901 1 91844.0 134549.0 -42705 ['DONE', 'DONE']
902 0 119356.0 148212.0 -28856 ['DONE', 'DONE']
902 1 119356.0 148212.0 -28856 ['DONE', 'DONE']
903 0 106675.0 137442.0 -30767 ['DONE', 'DONE']
903 1 108769.0 140215.0 -31446 ['DONE', 'DONE']
904 0 100271.0 137710.0 -37439 ['DONE', 'DONE']
904 1 100271.0 137710.0 -37439 ['DONE', 'DONE']
905 0 105140.0 129608.0 -24468 ['DONE', 'DONE']
905 1 105140.0 129608.0 -24468 ['DONE', 'DONE']
906 0 63790.0 96536.0 -32746 ['DONE', 'DONE']
906 1 63790.0 96536.0 -32746 ['DONE', 'DONE']
907 0 64699.0 90033.0 -25334 ['DONE', 'DONE']
907 1 64699.0 90033.0 -25334 ['DONE', 'DONE']
908 0 72456.0 109046.0 -36590 ['DONE', 'DONE']
908 1 72456.0 109046.0 -36590 ['DONE', 'DONE']
909 0 45680.0 70844.0 -25164 ['DONE', 'DONE']
909 1 45680.0 70844.0 -25164 ['DONE', 'DONE']
910 0 139714.0 171247.0 -31533 ['DONE', 'DONE']
910 1 139714.0 171247.0 -31533 ['DONE', 'DONE']
911 0 135917.0 160986.0 -25069 ['DONE', 'DONE']
911 1 135917.0 160986.0 -25069 ['DONE', 'DONE']
912 0 60929.0 98907.0 -37978 ['DONE', 'DONE']
912 1 60929.0 98907.0 -37978 ['DONE', 'DONE']
913 0 78408.0 116930.0 -38522 ['DONE', 'DONE']
913 1 78408.0 116930.0 -38522 ['DONE', 'DONE']
914 0 124010.0 152514.0 -28504 ['DONE', 'DONE']
914 1 124411.0 154747.0 -30336 ['DONE', 'DONE']
915 0 69117.0 99850.0 -30733 ['DONE', 'DONE']
915 1 69117.0 99850.0 -30733 ['DONE', 'DONE']
W-L-T 0-32-0 mean margin -31516 n=32
