900 0 55393.0 90550.0 -35157 ['DONE', 'DONE']
900 1 55393.0 90550.0 -35157 ['DONE', 'DONE']
901 0 96699.0 135770.0 -39071 ['DONE', 'DONE']
901 1 96699.0 135770.0 -39071 ['DONE', 'DONE']
902 0 123583.0 147801.0 -24218 ['DONE', 'DONE']
902 1 123583.0 147801.0 -24218 ['DONE', 'DONE']
903 0 123183.0 140617.0 -17434 ['DONE', 'DONE']
903 1 111125.0 134883.0 -23758 ['DONE', 'DONE']
904 0 106843.0 141951.0 -35108 ['DONE', 'DONE']
904 1 106640.0 142092.0 -35452 ['DONE', 'DONE']
905 0 104970.0 122201.0 -17231 ['DONE', 'DONE']
905 1 104970.0 122201.0 -17231 ['DONE', 'DONE']
906 0 75655.0 108218.0 -32563 ['DONE', 'DONE']
906 1 75190.0 108074.0 -32884 ['DONE', 'DONE']
907 0 66191.0 102044.0 -35853 ['DONE', 'DONE']
907 1 66191.0 102044.0 -35853 ['DONE', 'DONE']
908 0 78170.0 124918.0 -46748 ['DONE', 'DONE']
908 1 78170.0 124918.0 -46748 ['DONE', 'DONE']
909 0 47005.0 71512.0 -24507 ['DONE', 'DONE']
909 1 47005.0 71512.0 -24507 ['DONE', 'DONE']
910 0 126224.0 158756.0 -32532 ['DONE', 'DONE']
910 1 126224.0 158756.0 -32532 ['DONE', 'DONE']
911 0 131090.0 157898.0 -26808 ['DONE', 'DONE']
911 1 131090.0 157898.0 -26808 ['DONE', 'DONE']
912 0 67696.0 101924.0 -34228 ['DONE', 'DONE']
912 1 67696.0 101924.0 -34228 ['DONE', 'DONE']
913 0 76520.0 112117.0 -35597 ['DONE', 'DONE']
913 1 76520.0 112117.0 -35597 ['DONE', 'DONE']
914 0 113862.0 147744.0 -33882 ['DONE', 'DONE']
914 1 114450.0 148019.0 -33569 ['DONE', 'DONE']
915 0 67111.0 104162.0 -37051 ['DONE', 'DONE']
915 1 67111.0 104162.0 -37051 ['DONE', 'DONE']
W-L-T 0-32-0 mean margin -31958 n=32
